JUnit version 4.13.2
.E.E..E
Time: 39.527
There were 3 failures:
1) testFilter2(TestListExamples)
arrays first differed at element [0]; expected:<abc[]> but was:<abc[d]>
	at org.junit.internal.ComparisonCriteria.arrayEquals(ComparisonCriteria.java:78)
	at org.junit.internal.ComparisonCriteria.arrayEquals(ComparisonCriteria.java:28)
	at org.junit.Assert.internalArrayEquals(Assert.java:534)
	at org.junit.Assert.assertArrayEquals(Assert.java:285)
	at org.junit.Assert.assertArrayEquals(Assert.java:300)
	at TestListExamples.testFilter2(TestListExamples.java:30)
	... 32 trimmed
Caused by: org.junit.ComparisonFailure: expected:<abc[]> but was:<abc[d]>
	at org.junit.Assert.assertEquals(Assert.java:117)
	at org.junit.Assert.assertEquals(Assert.java:146)
	at org.junit.internal.ExactComparisonCriteria.assertElementsEqual(ExactComparisonCriteria.java:8)
	at org.junit.internal.ComparisonCriteria.arrayEquals(ComparisonCriteria.java:76)
	... 38 more
2) testFilter(TestListExamples)
arrays first differed at element [0]; expected:<[a]> but was:<[c]>
	at org.junit.internal.ComparisonCriteria.arrayEquals(ComparisonCriteria.java:78)
	at org.junit.internal.ComparisonCriteria.arrayEquals(ComparisonCriteria.java:28)
	at org.junit.Assert.internalArrayEquals(Assert.java:534)
	at org.junit.Assert.assertArrayEquals(Assert.java:285)
	at org.junit.Assert.assertArrayEquals(Assert.java:300)
	at TestListExamples.testFilter(TestListExamples.java:22)
	... 32 trimmed
Caused by: org.junit.ComparisonFailure: expected:<[a]> but was:<[c]>
	at org.junit.Assert.assertEquals(Assert.java:117)
	at org.junit.Assert.assertEquals(Assert.java:146)
	at org.junit.internal.ExactComparisonCriteria.assertElementsEqual(ExactComparisonCriteria.java:8)
	at org.junit.internal.ComparisonCriteria.arrayEquals(ComparisonCriteria.java:76)
	... 38 more
3) testMerge2(TestListExamples)
java.lang.OutOfMemoryError: Java heap space
	at java.base/java.util.Arrays.copyOf(Arrays.java:3512)
	at java.base/java.util.Arrays.copyOf(Arrays.java:3481)
	at java.base/java.util.ArrayList.grow(ArrayList.java:237)
	at java.base/java.util.ArrayList.grow(ArrayList.java:244)
	at java.base/java.util.ArrayList.add(ArrayList.java:454)
	at java.base/java.util.ArrayList.add(ArrayList.java:467)
	at ListExamples.merge(ListExamples.java:42)
	at TestListExamples.testMerge2(TestListExamples.java:47)

FAILURES!!!
Tests run: 4,  Failures: 3

